// Jest Snapshot v1, https://goo.gl/fbAQLP

exports[`bottom: {
  "b": "auto"
} 1`] = `
Array [
  Object {
    "bottom": "auto",
  },
]
`;

exports[`bottom: {
  "bottom": -100
} 1`] = `
Array [
  Object {
    "bottom": "-100px",
  },
]
`;

exports[`display: {
  "d": "inline"
} 1`] = `
Array [
  Object {
    "display": "inline",
  },
]
`;

exports[`display: {
  "display": "block"
} 1`] = `
Array [
  Object {
    "display": "block",
  },
]
`;

exports[`height: {
  "h": "200%"
} 1`] = `
Array [
  Object {
    "height": "200%",
  },
]
`;

exports[`height: {
  "height": 0
} 1`] = `
Array [
  Object {
    "height": 0,
  },
]
`;

exports[`layout: {
  "d": "grid",
  "pos": "sticky",
  "t": 1,
  "r": 0.8,
  "b": "auto",
  "l": "5em",
  "w": 0.4,
  "minw": "20em",
  "maxw": "40ch",
  "h": 8,
  "minh": "50%",
  "maxh": "100",
  "s": 1,
  "va": "super",
  "zi": 10
} 1`] = `
Array [
  Object {
    "display": "grid",
  },
  Object {
    "position": "sticky",
  },
  Object {
    "top": "100%",
  },
  Object {
    "right": "80%",
  },
  Object {
    "bottom": "auto",
  },
  Object {
    "left": "5em",
  },
  Object {
    "height": "100%",
    "width": "100%",
  },
  Object {
    "width": "40%",
  },
  Object {
    "minWidth": "20em",
  },
  Object {
    "maxWidth": "40ch",
  },
  Object {
    "height": "256px",
  },
  Object {
    "minHeight": "50%",
  },
  Object {
    "maxHeight": "100",
  },
  Object {
    "verticalAlign": "super",
  },
  Object {
    "zIndex": 10,
  },
]
`;

exports[`layout: {
  "display": "flex",
  "position": "fixed",
  "top": 0,
  "right": 0.2,
  "bottom": 60,
  "left": "4rem",
  "width": 150,
  "minWidth": 0.5,
  "maxWidth": 0.75,
  "height": 2,
  "minHeight": "100vh",
  "maxHeight": "auto",
  "size": 0.25,
  "verticalAlign": "sub",
  "zIndex": 2
} 1`] = `
Array [
  Object {
    "display": "flex",
  },
  Object {
    "position": "fixed",
  },
  Object {
    "top": 0,
  },
  Object {
    "right": "20%",
  },
  Object {
    "bottom": "60px",
  },
  Object {
    "left": "4rem",
  },
  Object {
    "height": "25%",
    "width": "25%",
  },
  Object {
    "width": "150px",
  },
  Object {
    "minWidth": "50%",
  },
  Object {
    "maxWidth": "75%",
  },
  Object {
    "height": "4px",
  },
  Object {
    "minHeight": "100vh",
  },
  Object {
    "maxHeight": "auto",
  },
  Object {
    "verticalAlign": "sub",
  },
  Object {
    "zIndex": 2,
  },
]
`;

exports[`left: {
  "l": 4
} 1`] = `
Array [
  Object {
    "left": "16px",
  },
]
`;

exports[`left: {
  "left": 0.05
} 1`] = `
Array [
  Object {
    "left": "5%",
  },
]
`;

exports[`maxHeight: {
  "maxHeight": 10
} 1`] = `
Array [
  Object {
    "maxHeight": "10px",
  },
]
`;

exports[`maxHeight: {
  "maxh": 100
} 1`] = `
Array [
  Object {
    "maxHeight": "100px",
  },
]
`;

exports[`maxWidth: {
  "maxWidth": 4
} 1`] = `
Array [
  Object {
    "maxWidth": "16px",
  },
]
`;

exports[`maxWidth: {
  "maxw": -1
} 1`] = `
Array [
  Object {
    "maxWidth": "-1px",
  },
]
`;

exports[`minHeight: {
  "minHeight": 8
} 1`] = `
Array [
  Object {
    "minHeight": "256px",
  },
]
`;

exports[`minHeight: {
  "minh": "40em"
} 1`] = `
Array [
  Object {
    "minHeight": "40em",
  },
]
`;

exports[`minWidth: {
  "minWidth": "80vw"
} 1`] = `
Array [
  Object {
    "minWidth": "80vw",
  },
]
`;

exports[`minWidth: {
  "minw": 2
} 1`] = `
Array [
  Object {
    "minWidth": "4px",
  },
]
`;

exports[`position: {
  "pos": "absolute"
} 1`] = `
Array [
  Object {
    "position": "absolute",
  },
]
`;

exports[`position: {
  "position": "relative"
} 1`] = `
Array [
  Object {
    "position": "relative",
  },
]
`;

exports[`right: {
  "r": "20rem"
} 1`] = `
Array [
  Object {
    "right": "20rem",
  },
]
`;

exports[`right: {
  "right": 8
} 1`] = `
Array [
  Object {
    "right": "256px",
  },
]
`;

exports[`size: {
  "s": 1
} 1`] = `
Array [
  Object {
    "height": "100%",
    "width": "100%",
  },
]
`;

exports[`size: {
  "size": 6
} 1`] = `
Array [
  Object {
    "height": "64px",
    "width": "64px",
  },
]
`;

exports[`top: {
  "t": 0
} 1`] = `
Array [
  Object {
    "top": 0,
  },
]
`;

exports[`top: {
  "top": 0.5
} 1`] = `
Array [
  Object {
    "top": "50%",
  },
]
`;

exports[`verticalAlign: {
  "va": "middle"
} 1`] = `
Array [
  Object {
    "verticalAlign": "middle",
  },
]
`;

exports[`verticalAlign: {
  "verticalAlign": "baseline"
} 1`] = `
Array [
  Object {
    "verticalAlign": "baseline",
  },
]
`;

exports[`width: {
  "w": 0.25
} 1`] = `
Array [
  Object {
    "width": "25%",
  },
]
`;

exports[`width: {
  "width": 1
} 1`] = `
Array [
  Object {
    "width": "100%",
  },
]
`;

exports[`zIndex: {
  "zIndex": 2,
  "theme": {
    "zIndices": [
      10,
      20,
      30
    ]
  }
} 1`] = `
Array [
  Object {
    "zIndex": 30,
  },
]
`;

exports[`zIndex: {
  "zi": 2
} 1`] = `
Array [
  Object {
    "zIndex": 2,
  },
]
`;
