// Jest Snapshot v1, https://goo.gl/fbAQLP

exports[`mq 1`] = `"@media(min-width: 320px)"`;

exports[`mq 2`] = `"@media(min-width: 20rem)"`;
