// Jest Snapshot v1, https://goo.gl/fbAQLP

exports[`backgroundImage: {
  "backgroundImage": "src(foo.png)"
} 1`] = `
Array [
  Object {
    "backgroundImage": "src(foo.png)",
  },
]
`;

exports[`backgroundImage: {
  "bgi": "src(bar.png)"
} 1`] = `
Array [
  Object {
    "backgroundImage": "src(bar.png)",
  },
]
`;

exports[`backgroundPosition: {
  "backgroundPosition": "center"
} 1`] = `
Array [
  Object {
    "backgroundPosition": "center",
  },
]
`;

exports[`backgroundPosition: {
  "bgp": "0 50%"
} 1`] = `
Array [
  Object {
    "backgroundPosition": "0 50%",
  },
]
`;

exports[`backgroundPosition: {
  "bgp": 0
} 1`] = `
Array [
  Object {
    "backgroundPosition": 0,
  },
]
`;

exports[`backgroundPosition: {
  "bgp": 0.2
} 1`] = `
Array [
  Object {
    "backgroundPosition": "20%",
  },
]
`;

exports[`backgroundPosition: {
  "bgp": 1
} 1`] = `
Array [
  Object {
    "backgroundPosition": "100%",
  },
]
`;

exports[`backgroundPosition: {
  "bgp": 100
} 1`] = `
Array [
  Object {
    "backgroundPosition": "100px",
  },
]
`;

exports[`backgroundRepeat: {
  "backgroundRepeat": "none"
} 1`] = `
Array [
  Object {
    "backgroundRepeat": "none",
  },
]
`;

exports[`backgroundRepeat: {
  "bgr": "repeat-x"
} 1`] = `
Array [
  Object {
    "backgroundRepeat": "repeat-x",
  },
]
`;

exports[`backgroundSet: {
  "background": "red url(baz.jpg) center no-repeat",
  "backgroundColor": "link",
  "backgroundImage": "src(baz.png)",
  "backgroundPosition": "left bottom",
  "backgroundRepeat": "repeat-y",
  "backgroundSize": "cover"
} 1`] = `
Array [
  Object {
    "background": "red url(baz.jpg) center no-repeat",
  },
  Object {
    "backgroundColor": "#00F",
  },
  Object {
    "backgroundImage": "src(baz.png)",
  },
  Object {
    "backgroundPosition": "left bottom",
  },
  Object {
    "backgroundRepeat": "repeat-y",
  },
  Object {
    "backgroundSize": "cover",
  },
]
`;

exports[`backgroundSet: {
  "bg": "text",
  "bgc": "gray.1",
  "bgi": "src(zoo.png)",
  "bgp": "top right",
  "bgr": "repeat-x",
  "bgs": "contain"
} 1`] = `
Array [
  Object {
    "background": "#222",
  },
  Object {
    "backgroundColor": "#AAA",
  },
  Object {
    "backgroundImage": "src(zoo.png)",
  },
  Object {
    "backgroundPosition": "top right",
  },
  Object {
    "backgroundRepeat": "repeat-x",
  },
  Object {
    "backgroundSize": "contain",
  },
]
`;

exports[`backgroundSize: {
  "backgroundSize": "cover"
} 1`] = `
Array [
  Object {
    "backgroundSize": "cover",
  },
]
`;

exports[`backgroundSize: {
  "backgroundSize": 0
} 1`] = `
Array [
  Object {
    "backgroundSize": 0,
  },
]
`;

exports[`backgroundSize: {
  "backgroundSize": 0.75
} 1`] = `
Array [
  Object {
    "backgroundSize": "75%",
  },
]
`;

exports[`backgroundSize: {
  "backgroundSize": 1
} 1`] = `
Array [
  Object {
    "backgroundSize": "100%",
  },
]
`;

exports[`backgroundSize: {
  "bgs": "contain"
} 1`] = `
Array [
  Object {
    "backgroundSize": "contain",
  },
]
`;

exports[`backgroundSize: {
  "bgs": 20
} 1`] = `
Array [
  Object {
    "backgroundSize": "20px",
  },
]
`;
