// Jest Snapshot v1, https://goo.gl/fbAQLP

exports[`background: {
  "background": "red"
} 1`] = `
Array [
  Object {
    "background": "red",
  },
]
`;

exports[`background: {
  "bg": "g",
  "theme": {
    "colors": {
      "r": "#F00",
      "g": "#0F0",
      "b": "#00F"
    }
  }
} 1`] = `
Array [
  Object {
    "background": "#0F0",
  },
]
`;

exports[`background: {
  "bg": "link"
} 1`] = `
Array [
  Object {
    "background": "#00F",
  },
]
`;

exports[`backgroundColor: {
  "backgroundColor": "red"
} 1`] = `
Array [
  Object {
    "backgroundColor": "red",
  },
]
`;

exports[`backgroundColor: {
  "bgc": "link"
} 1`] = `
Array [
  Object {
    "backgroundColor": "#00F",
  },
]
`;

exports[`backgroundColor: {
  "bgc": "r",
  "theme": {
    "colors": {
      "r": "#F00",
      "g": "#0F0",
      "b": "#00F"
    }
  }
} 1`] = `
Array [
  Object {
    "backgroundColor": "#F00",
  },
]
`;

exports[`borderColor: {
  "bdc": "b",
  "theme": {
    "colors": {
      "r": "#F00",
      "g": "#0F0",
      "b": "#00F"
    }
  }
} 1`] = `
Array [
  Object {
    "borderColor": "#00F",
  },
]
`;

exports[`borderColor: {
  "bdc": "blue"
} 1`] = `
Array [
  Object {
    "borderColor": "blue",
  },
]
`;

exports[`borderColor: {
  "borderColor": "gray.1"
} 1`] = `
Array [
  Object {
    "borderColor": "#AAA",
  },
]
`;

exports[`color: {
  "color": "rgba(255,0,0,0.5)"
} 1`] = `
Array [
  Object {
    "color": "rgba(255,0,0,0.5)",
  },
]
`;

exports[`color: {
  "tc": "r",
  "theme": {
    "colors": {
      "r": "#F00",
      "g": "#0F0",
      "b": "#00F"
    }
  }
} 1`] = `
Array [
  Object {
    "color": "#F00",
  },
]
`;

exports[`color: {
  "tc": "text"
} 1`] = `
Array [
  Object {
    "color": "#222",
  },
]
`;

exports[`colorSet: {
  "background": "gray.0",
  "backgroundColor": "link",
  "borderColor": "lime",
  "color": "blue",
  "fill": "orange",
  "outlineColor": "text"
} 1`] = `
Array [
  Object {
    "background": "#EEE",
  },
  Object {
    "backgroundColor": "#00F",
  },
  Object {
    "borderColor": "lime",
  },
  Object {
    "color": "blue",
  },
  Object {
    "fill": "orange",
  },
  Object {
    "outlineColor": "#222",
  },
]
`;

exports[`colorSet: {
  "bg": "purple",
  "bgc": "r",
  "bdc": "g",
  "tc": "b",
  "fc": "sage",
  "olc": "coral",
  "theme": {
    "colors": {
      "r": "#F00",
      "g": "#0F0",
      "b": "#00F"
    }
  }
} 1`] = `
Array [
  Object {
    "background": "purple",
  },
  Object {
    "backgroundColor": "#F00",
  },
  Object {
    "borderColor": "#0F0",
  },
  Object {
    "color": "#00F",
  },
  Object {
    "fill": "sage",
  },
  Object {
    "outlineColor": "coral",
  },
]
`;

exports[`fill: {
  "fc": "black",
  "theme": {
    "colors": {
      "r": "#F00",
      "g": "#0F0",
      "b": "#00F"
    }
  }
} 1`] = `
Array [
  Object {
    "fill": "black",
  },
]
`;

exports[`fill: {
  "fc": "crimson"
} 1`] = `
Array [
  Object {
    "fill": "crimson",
  },
]
`;

exports[`fill: {
  "fill": "link"
} 1`] = `
Array [
  Object {
    "fill": "#00F",
  },
]
`;

exports[`outlineColor: {
  "olc": "g",
  "theme": {
    "colors": {
      "r": "#F00",
      "g": "#0F0",
      "b": "#00F"
    }
  }
} 1`] = `
Array [
  Object {
    "outlineColor": "#0F0",
  },
]
`;

exports[`outlineColor: {
  "olc": "plum"
} 1`] = `
Array [
  Object {
    "outlineColor": "plum",
  },
]
`;

exports[`outlineColor: {
  "outlineColor": "gray.0"
} 1`] = `
Array [
  Object {
    "outlineColor": "#EEE",
  },
]
`;
