// Jest Snapshot v1, https://goo.gl/fbAQLP

exports[`globalSet: {
  "border": "1px solid red",
  "borderRadius": 4,
  "boxShadow": "0 4px 16px rgba(0,0,0,0.5)",
  "background": "red url(onno.png) center no-repeat",
  "backgroundColor": "gray.0",
  "borderColor": "gray.1",
  "color": "link",
  "opacity": 0.5,
  "outline": "2px dashed gold",
  "outlineColor": "khaki",
  "outlineOffset": -4,
  "margin": 0,
  "marginX": 1,
  "marginY": 2,
  "marginTop": 3,
  "marginRight": 4,
  "marginBottom": 5,
  "marginLeft": 6,
  "padding": 0,
  "paddingX": 1,
  "paddingY": 2,
  "paddingTop": 3,
  "paddingRight": 4,
  "paddingBottom": 5,
  "paddingLeft": 6,
  "size": 0.5,
  "width": {
    "all": 1,
    "md": 0.5,
    "xl": 0.25
  },
  "minWidth": 0.25,
  "maxWidth": 8,
  "height": "auto",
  "minHeight": "100vh",
  "maxHeight": 1000,
  "fontFamily": "main",
  "fontSize": [
    2,
    3
  ],
  "fontStyle": "italic",
  "fontWeight": "bold",
  "lineHeight": "normal",
  "letterSpacing": 2,
  "textAlign": "justify",
  "textDecoration": "none",
  "textTransform": "uppercase",
  "transition": "all 0.1s ease-out"
} 1`] = `
Array [
  Object {
    "border": "1px solid red",
  },
  Object {
    "borderRadius": "16px",
  },
  Object {
    "boxShadow": "0 4px 16px rgba(0,0,0,0.5)",
  },
  Object {
    "opacity": 0.5,
  },
  Object {
    "outline": "2px dashed gold",
  },
  Object {
    "outlineOffset": "-4px",
  },
  Object {
    "margin": 0,
  },
  Object {
    "marginLeft": "2px",
    "marginRight": "2px",
  },
  Object {
    "marginBottom": "4px",
    "marginTop": "4px",
  },
  Object {
    "marginTop": "8px",
  },
  Object {
    "marginRight": "16px",
  },
  Object {
    "marginBottom": "32px",
  },
  Object {
    "marginLeft": "64px",
  },
  Object {
    "padding": 0,
  },
  Object {
    "paddingLeft": "2px",
    "paddingRight": "2px",
  },
  Object {
    "paddingBottom": "4px",
    "paddingTop": "4px",
  },
  Object {
    "paddingTop": "8px",
  },
  Object {
    "paddingRight": "16px",
  },
  Object {
    "paddingBottom": "32px",
  },
  Object {
    "paddingLeft": "64px",
  },
  Object {
    "height": "50%",
    "width": "50%",
  },
  Object {
    "width": "100%",
  },
  Object {
    "@media(min-width: 720px)": Object {
      "width": "50%",
    },
  },
  Object {
    "@media(min-width: 1440px)": Object {
      "width": "25%",
    },
  },
  Object {
    "minWidth": "25%",
  },
  Object {
    "maxWidth": "256px",
  },
  Object {
    "height": "auto",
  },
  Object {
    "minHeight": "100vh",
  },
  Object {
    "maxHeight": "1000px",
  },
  Object {
    "fontFamily": "system-ui, sans-serif",
  },
  Object {
    "fontSize": "16px",
  },
  Object {
    "@media(min-width: 360px)": Object {
      "fontSize": "20px",
    },
  },
  Object {
    "fontStyle": "italic",
  },
  Object {
    "fontWeight": 700,
  },
  Object {
    "lineHeight": 1.5,
  },
  Object {
    "letterSpacing": "2px",
  },
  Object {
    "textAlign": "justify",
  },
  Object {
    "textDecoration": "none",
  },
  Object {
    "textTransform": "uppercase",
  },
  Object {
    "color": "#00F",
  },
  Object {
    "background": "red url(onno.png) center no-repeat",
  },
  Object {
    "backgroundColor": "#EEE",
  },
  Object {
    "borderColor": "#AAA",
  },
  Object {
    "outlineColor": "khaki",
  },
  Object {
    "transition": "all 0.1s ease-out",
  },
]
`;
