// Jest Snapshot v1, https://goo.gl/fbAQLP

exports[`outline: {
  "ol": "one",
  "theme": {
    "outlines": {
      "one": "1px solid gold",
      "two": "2px dashed red"
    },
    "outlineOffsets": {
      "one": 4,
      "two": -2
    },
    "outlineStyles": {
      "one": "solid",
      "two": "dashed"
    },
    "outlineWidths": {
      "one": 11,
      "two": 22
    }
  }
} 1`] = `
Array [
  Object {
    "outline": "1px solid gold",
  },
]
`;

exports[`outline: {
  "outline": "4px dotted orange"
} 1`] = `
Array [
  Object {
    "outline": "4px dotted orange",
  },
]
`;

exports[`outlineOffset: {
  "olo": "two",
  "theme": {
    "outlines": {
      "one": "1px solid gold",
      "two": "2px dashed red"
    },
    "outlineOffsets": {
      "one": 4,
      "two": -2
    },
    "outlineStyles": {
      "one": "solid",
      "two": "dashed"
    },
    "outlineWidths": {
      "one": 11,
      "two": 22
    }
  }
} 1`] = `
Array [
  Object {
    "outlineOffset": "-2px",
  },
]
`;

exports[`outlineOffset: {
  "outlineOffset": 10
} 1`] = `
Array [
  Object {
    "outlineOffset": "10px",
  },
]
`;

exports[`outlineSet: {
  "theme": {
    "outlines": {
      "one": "1px solid gold",
      "two": "2px dashed red"
    },
    "outlineOffsets": {
      "one": 4,
      "two": -2
    },
    "outlineStyles": {
      "one": "solid",
      "two": "dashed"
    },
    "outlineWidths": {
      "one": 11,
      "two": 22
    }
  },
  "ol": "two",
  "olc": "link",
  "olo": "one",
  "ols": "two",
  "olw": "one"
} 1`] = `
Array [
  Object {
    "outline": "2px dashed red",
  },
  Object {
    "outlineColor": "#00F",
  },
  Object {
    "outlineOffset": "4px",
  },
  Object {
    "outlineStyle": "dashed",
  },
  Object {
    "outlineWidth": "11px",
  },
]
`;

exports[`outlineSet: {
  "theme": {
    "outlines": {
      "one": "1px solid gold",
      "two": "2px dashed red"
    },
    "outlineOffsets": {
      "one": 4,
      "two": -2
    },
    "outlineStyles": {
      "one": "solid",
      "two": "dashed"
    },
    "outlineWidths": {
      "one": 11,
      "two": 22
    }
  },
  "outline": "10px inset crimson",
  "outlineColor": "gray.2",
  "outlineOffset": "-1rem",
  "outlineStyle": "groove",
  "outlineWidth": 0
} 1`] = `
Array [
  Object {
    "outline": "10px inset crimson",
  },
  Object {
    "outlineColor": "#666",
  },
  Object {
    "outlineOffset": "-1rem",
  },
  Object {
    "outlineStyle": "groove",
  },
  Object {
    "outlineWidth": 0,
  },
]
`;

exports[`outlineStyle: {
  "ols": "one",
  "theme": {
    "outlines": {
      "one": "1px solid gold",
      "two": "2px dashed red"
    },
    "outlineOffsets": {
      "one": 4,
      "two": -2
    },
    "outlineStyles": {
      "one": "solid",
      "two": "dashed"
    },
    "outlineWidths": {
      "one": 11,
      "two": 22
    }
  }
} 1`] = `
Array [
  Object {
    "outlineStyle": "solid",
  },
]
`;

exports[`outlineStyle: {
  "outlineStyle": "dotted"
} 1`] = `
Array [
  Object {
    "outlineStyle": "dotted",
  },
]
`;

exports[`outlineWidth: {
  "olw": "two",
  "theme": {
    "outlines": {
      "one": "1px solid gold",
      "two": "2px dashed red"
    },
    "outlineOffsets": {
      "one": 4,
      "two": -2
    },
    "outlineStyles": {
      "one": "solid",
      "two": "dashed"
    },
    "outlineWidths": {
      "one": 11,
      "two": 22
    }
  }
} 1`] = `
Array [
  Object {
    "outlineWidth": "22px",
  },
]
`;

exports[`outlineWidth: {
  "outlineWidth": 4
} 1`] = `
Array [
  Object {
    "outlineWidth": "4px",
  },
]
`;
