// Jest Snapshot v1, https://goo.gl/fbAQLP

exports[`fontFamily: {
  "ff": "foo",
  "theme": {
    "fontFamilies": {
      "foo": "Foo",
      "bar": "Bar"
    },
    "fontSizes": {
      "sm": 10,
      "md": 20,
      "lg": 40
    },
    "fontWeights": {
      "light": 200,
      "normal": 500,
      "bold": 800
    },
    "lineHeights": {
      "wide": 2,
      "zero": 0
    },
    "letterSpacings": {
      "sparse": "1em",
      "dense": -2
    }
  }
} 1`] = `
Array [
  Object {
    "fontFamily": "Foo",
  },
]
`;

exports[`fontFamily: {
  "ff": "mono"
} 1`] = `
Array [
  Object {
    "fontFamily": "Monaco, monospace",
  },
]
`;

exports[`fontFamily: {
  "fontFamily": "main"
} 1`] = `
Array [
  Object {
    "fontFamily": "system-ui, sans-serif",
  },
]
`;

exports[`fontSize: {
  "fontSize": 0
} 1`] = `
Array [
  Object {
    "fontSize": "12px",
  },
]
`;

exports[`fontSize: {
  "fs": "sm",
  "theme": {
    "fontFamilies": {
      "foo": "Foo",
      "bar": "Bar"
    },
    "fontSizes": {
      "sm": 10,
      "md": 20,
      "lg": 40
    },
    "fontWeights": {
      "light": 200,
      "normal": 500,
      "bold": 800
    },
    "lineHeights": {
      "wide": 2,
      "zero": 0
    },
    "letterSpacings": {
      "sparse": "1em",
      "dense": -2
    }
  }
} 1`] = `
Array [
  Object {
    "fontSize": "10px",
  },
]
`;

exports[`fontSize: {
  "fs": 4
} 1`] = `
Array [
  Object {
    "fontSize": "24px",
  },
]
`;

exports[`fontSmoothing: {
  "fontSmoothing": "antialiased"
} 1`] = `
Array [
  Object {
    "WebkitFontSmoothing": "antialiased",
  },
]
`;

exports[`fontSmoothing: {
  "fsm": "subpixel-antialiased"
} 1`] = `
Array [
  Object {
    "WebkitFontSmoothing": "subpixel-antialiased",
  },
]
`;

exports[`fontStyle: {
  "fontStyle": "oblique"
} 1`] = `
Array [
  Object {
    "fontStyle": "oblique",
  },
]
`;

exports[`fontStyle: {
  "fst": "italic"
} 1`] = `
Array [
  Object {
    "fontStyle": "italic",
  },
]
`;

exports[`fontWeight: {
  "fontWeight": "normal"
} 1`] = `
Array [
  Object {
    "fontWeight": 400,
  },
]
`;

exports[`fontWeight: {
  "fw": "bold"
} 1`] = `
Array [
  Object {
    "fontWeight": 700,
  },
]
`;

exports[`fontWeight: {
  "fw": "light",
  "theme": {
    "fontFamilies": {
      "foo": "Foo",
      "bar": "Bar"
    },
    "fontSizes": {
      "sm": 10,
      "md": 20,
      "lg": 40
    },
    "fontWeights": {
      "light": 200,
      "normal": 500,
      "bold": 800
    },
    "lineHeights": {
      "wide": 2,
      "zero": 0
    },
    "letterSpacings": {
      "sparse": "1em",
      "dense": -2
    }
  }
} 1`] = `
Array [
  Object {
    "fontWeight": 200,
  },
]
`;

exports[`letterSpacing: {
  "letterSpacing": 0
} 1`] = `
Array [
  Object {
    "letterSpacing": 0,
  },
]
`;

exports[`letterSpacing: {
  "ls": "dense",
  "theme": {
    "fontFamilies": {
      "foo": "Foo",
      "bar": "Bar"
    },
    "fontSizes": {
      "sm": 10,
      "md": 20,
      "lg": 40
    },
    "fontWeights": {
      "light": 200,
      "normal": 500,
      "bold": 800
    },
    "lineHeights": {
      "wide": 2,
      "zero": 0
    },
    "letterSpacings": {
      "sparse": "1em",
      "dense": -2
    }
  }
} 1`] = `
Array [
  Object {
    "letterSpacing": "-2px",
  },
]
`;

exports[`letterSpacing: {
  "ls": 2
} 1`] = `
Array [
  Object {
    "letterSpacing": "2px",
  },
]
`;

exports[`lineHeight: {
  "lh": "narrow"
} 1`] = `
Array [
  Object {
    "lineHeight": 1.25,
  },
]
`;

exports[`lineHeight: {
  "lh": "wide",
  "theme": {
    "fontFamilies": {
      "foo": "Foo",
      "bar": "Bar"
    },
    "fontSizes": {
      "sm": 10,
      "md": 20,
      "lg": 40
    },
    "fontWeights": {
      "light": 200,
      "normal": 500,
      "bold": 800
    },
    "lineHeights": {
      "wide": 2,
      "zero": 0
    },
    "letterSpacings": {
      "sparse": "1em",
      "dense": -2
    }
  }
} 1`] = `
Array [
  Object {
    "lineHeight": 2,
  },
]
`;

exports[`lineHeight: {
  "lineHeight": "normal"
} 1`] = `
Array [
  Object {
    "lineHeight": 1.5,
  },
]
`;

exports[`textAlign: {
  "ta": "justify"
} 1`] = `
Array [
  Object {
    "textAlign": "justify",
  },
]
`;

exports[`textAlign: {
  "textAlign": "center"
} 1`] = `
Array [
  Object {
    "textAlign": "center",
  },
]
`;

exports[`textDecoration: {
  "td": "underline"
} 1`] = `
Array [
  Object {
    "textDecoration": "underline",
  },
]
`;

exports[`textDecoration: {
  "textDecoration": "none"
} 1`] = `
Array [
  Object {
    "textDecoration": "none",
  },
]
`;

exports[`textSet: {
  "ff": "Times New Roman",
  "fs": "100px",
  "fsm": "subpixel-antialiased",
  "fst": "normal",
  "fw": 100,
  "lh": 2,
  "ls": "3px",
  "ta": "left",
  "td": "underline",
  "tt": "uppercase",
  "tc": "gray.2"
} 1`] = `
Array [
  Object {
    "fontFamily": "Times New Roman",
  },
  Object {
    "fontSize": "100px",
  },
  Object {
    "WebkitFontSmoothing": "subpixel-antialiased",
  },
  Object {
    "fontStyle": "normal",
  },
  Object {
    "fontWeight": 100,
  },
  Object {
    "lineHeight": 2,
  },
  Object {
    "letterSpacing": "3px",
  },
  Object {
    "textAlign": "left",
  },
  Object {
    "textDecoration": "underline",
  },
  Object {
    "textTransform": "uppercase",
  },
  Object {
    "color": "#666",
  },
]
`;

exports[`textSet: {
  "fontFamily": "bar",
  "fontSize": "lg",
  "fontSmoothing": "antialiased",
  "fontStyle": "italic",
  "fontWeight": "bold",
  "lineHeight": "zero",
  "letterSpacing": "sparse",
  "textAlign": "right",
  "textDecoration": "none",
  "textTransform": "lowercase",
  "color": "link",
  "theme": {
    "fontFamilies": {
      "foo": "Foo",
      "bar": "Bar"
    },
    "fontSizes": {
      "sm": 10,
      "md": 20,
      "lg": 40
    },
    "fontWeights": {
      "light": 200,
      "normal": 500,
      "bold": 800
    },
    "lineHeights": {
      "wide": 2,
      "zero": 0
    },
    "letterSpacings": {
      "sparse": "1em",
      "dense": -2
    }
  }
} 1`] = `
Array [
  Object {
    "fontFamily": "Bar",
  },
  Object {
    "fontSize": "40px",
  },
  Object {
    "WebkitFontSmoothing": "antialiased",
  },
  Object {
    "fontStyle": "italic",
  },
  Object {
    "fontWeight": 800,
  },
  Object {
    "lineHeight": 0,
  },
  Object {
    "letterSpacing": "1em",
  },
  Object {
    "textAlign": "right",
  },
  Object {
    "textDecoration": "none",
  },
  Object {
    "textTransform": "lowercase",
  },
  Object {
    "color": "#00F",
  },
]
`;

exports[`textTransform: {
  "textTransform": "lowercase"
} 1`] = `
Array [
  Object {
    "textTransform": "lowercase",
  },
]
`;

exports[`textTransform: {
  "tt": "uppercase"
} 1`] = `
Array [
  Object {
    "textTransform": "uppercase",
  },
]
`;
