// Jest Snapshot v1, https://goo.gl/fbAQLP

exports[`returns propTypes object: args 1`] = `
Object {
  "d": [Function],
  "display": [Function],
  "o": [Function],
  "opacity": [Function],
  "p": [Function],
  "padding": [Function],
}
`;

exports[`returns propTypes object: array 1`] = `
Object {
  "d": [Function],
  "display": [Function],
  "o": [Function],
  "opacity": [Function],
  "p": [Function],
  "padding": [Function],
}
`;
