// Jest Snapshot v1, https://goo.gl/fbAQLP

exports[`omit omits propsKeys 1`] = `
Object {
  "baz": "baz",
  "m": 2,
  "margin": 1,
  "p": 4,
  "padding": 3,
}
`;

exports[`omit omits propsKeys and renderers 1`] = `
Object {
  "bar": "bar",
  "p": 4,
  "padding": 3,
}
`;

exports[`omit omits renderers 1`] = `
Object {
  "bar": "bar",
  "baz": "baz",
  "foo": "foo",
  "theme": Object {
    "spaces": Array [
      1,
      2,
      3,
    ],
  },
}
`;

exports[`pick picks propsKeys 1`] = `
Object {
  "bar": "bar",
  "foo": "foo",
}
`;

exports[`pick picks propsKeys and renderers 1`] = `
Object {
  "baz": "baz",
  "foo": "foo",
  "m": 2,
  "margin": 1,
}
`;

exports[`pick picks renderers 1`] = `
Object {
  "m": 2,
  "margin": 1,
  "p": 4,
  "padding": 3,
}
`;
