// Jest Snapshot v1, https://goo.gl/fbAQLP

exports[`omits propsKeys 1`] = `
Object {
  "baz": "baz",
  "m": 2,
  "margin": 1,
  "p": 4,
  "padding": 3,
}
`;

exports[`omits propsKeys and renderers 1`] = `
Object {
  "bar": "bar",
  "p": 4,
  "padding": 3,
}
`;

exports[`omits renderers 1`] = `
Object {
  "bar": "bar",
  "baz": "baz",
  "foo": "foo",
}
`;
