// Jest Snapshot v1, https://goo.gl/fbAQLP

exports[`renderers can be composed into pipelines: {
  "ab": "bar"
} 1`] = `
Array [
  Object {
    "cd": "bar",
    "x1": "bar",
    "x2": "bar",
    "y1": "bar",
    "y2": "bar",
  },
]
`;

exports[`renderers can be composed into pipelines: {
  "xy": "foo"
} 1`] = `
Array [
  Object {
    "x1": "foo",
    "x2": "foo",
    "y1": "foo",
    "y2": "foo",
  },
]
`;

exports[`transforms style through renderers: {
  "a": 0
} 1`] = `
Array [
  Object {
    "xxx": 0,
    "yyy": 0,
    "z": 0,
  },
]
`;

exports[`transforms style through renderers: {
  "b": 2
} 1`] = `
Array [
  Object {
    "xxx": "20px",
    "yyy": "20px",
    "z": 2,
  },
]
`;

exports[`transforms style through renderers: {
  "c": -4
} 1`] = `
Array [
  Object {
    "xxx": "-4px",
    "yyy": "-4px",
    "z": -4,
  },
]
`;
