// Jest Snapshot v1, https://goo.gl/fbAQLP

exports[`composed render functions: {
  "margin": [
    1,
    2
  ],
  "marginX": [
    3,
    4
  ]
} 1`] = `
Array [
  Object {
    "margin": "2px",
  },
  Object {
    "@media(min-width: 360px)": Object {
      "margin": "4px",
    },
  },
  Object {
    "marginLeft": "8px",
    "marginRight": "8px",
  },
  Object {
    "@media(min-width: 360px)": Object {
      "marginLeft": "16px",
      "marginRight": "16px",
    },
  },
]
`;

exports[`handles responsive prop arrays: {
  "a": [
    11,
    22,
    33
  ]
} 1`] = `
Array [
  Object {
    "x": 11,
    "y": 11,
    "z": 11,
  },
  Object {
    "@media(min-width: 360px)": Object {
      "x": 22,
      "y": 22,
      "z": 22,
    },
  },
  Object {
    "@media(min-width: 720px)": Object {
      "x": 33,
      "y": 33,
      "z": 33,
    },
  },
]
`;

exports[`handles responsive prop objects: {
  "a": {
    "all": "ALL",
    "md": "MD",
    "xl": "XL",
    "na": "NA"
  }
} 1`] = `
Array [
  Object {
    "x": "ALL",
    "y": "ALL",
    "z": "ALL",
  },
  Object {
    "@media(min-width: 720px)": Object {
      "x": "MD",
      "y": "MD",
      "z": "MD",
    },
  },
  Object {
    "@media(min-width: 1440px)": Object {
      "x": "XL",
      "y": "XL",
      "z": "XL",
    },
  },
]
`;

exports[`style array is sorted in breakpoint order: {
  "a": [
    1,
    2,
    3
  ],
  "theme": {
    "breakpoints": [
      200,
      100
    ]
  }
} 1`] = `
Array [
  Object {
    "@media(min-width: 200px)": Object {
      "x": 1,
      "y": 1,
      "z": 1,
    },
  },
  Object {
    "@media(min-width: 100px)": Object {
      "x": 2,
      "y": 2,
      "z": 2,
    },
  },
]
`;

exports[`style array is sorted in breakpoint order: {
  "a": {
    "lg": "LG",
    "all": "ALL",
    "md": "MD",
    "na": "NA"
  }
} 1`] = `
Array [
  Object {
    "x": "ALL",
    "y": "ALL",
    "z": "ALL",
  },
  Object {
    "@media(min-width: 720px)": Object {
      "x": "MD",
      "y": "MD",
      "z": "MD",
    },
  },
  Object {
    "@media(min-width: 1080px)": Object {
      "x": "LG",
      "y": "LG",
      "z": "LG",
    },
  },
]
`;

exports[`theme breakpoint array aliases: {
  "theme": {
    "breakpoints": [
      {
        "alias": "a0",
        "value": 0
      },
      {
        "alias": "a1",
        "value": 100
      },
      {
        "alias": "a2",
        "value": 200
      }
    ]
  },
  "a": [
    0,
    1,
    2,
    3
  ]
} 1`] = `
Array [
  Object {
    "x": 0,
    "y": 0,
    "z": 0,
  },
  Object {
    "@media(min-width: 100px)": Object {
      "x": 1,
      "y": 1,
      "z": 1,
    },
  },
  Object {
    "@media(min-width: 200px)": Object {
      "x": 2,
      "y": 2,
      "z": 2,
    },
  },
]
`;

exports[`theme breakpoint array aliases: {
  "theme": {
    "breakpoints": [
      {
        "alias": "a0",
        "value": 0
      },
      {
        "alias": "a1",
        "value": 100
      },
      {
        "alias": "a2",
        "value": 200
      }
    ]
  },
  "a": {
    "a0": 0,
    "a1": 1,
    "a2": 2,
    "a3": 3
  }
} 1`] = `
Array [
  Object {
    "x": 0,
    "y": 0,
    "z": 0,
  },
  Object {
    "@media(min-width: 100px)": Object {
      "x": 1,
      "y": 1,
      "z": 1,
    },
  },
  Object {
    "@media(min-width: 200px)": Object {
      "x": 2,
      "y": 2,
      "z": 2,
    },
  },
]
`;

exports[`theme breakpoint arrays: {
  "a": [
    1,
    2,
    3,
    4
  ],
  "theme": {
    "breakpoints": [
      0,
      100,
      200
    ]
  }
} 1`] = `
Array [
  Object {
    "x": 1,
    "y": 1,
    "z": 1,
  },
  Object {
    "@media(min-width: 100px)": Object {
      "x": 2,
      "y": 2,
      "z": 2,
    },
  },
  Object {
    "@media(min-width: 200px)": Object {
      "x": 3,
      "y": 3,
      "z": 3,
    },
  },
]
`;
