// Jest Snapshot v1, https://goo.gl/fbAQLP

exports[`aliased defaults: {
  "a": "foo"
} 1`] = `
Array [
  Object {
    "x": 11,
    "y": 11,
    "z": 11,
  },
]
`;

exports[`aliased defaults: {
  "a": 0
} 1`] = `
Array [
  Object {
    "x": 11,
    "y": 11,
    "z": 11,
  },
]
`;

exports[`aliased defaults: {
  "b": "bar"
} 1`] = `
Array [
  Object {
    "x": 22,
    "y": 22,
    "z": 22,
  },
]
`;

exports[`aliased defaults: {
  "b": 1
} 1`] = `
Array [
  Object {
    "x": 22,
    "y": 22,
    "z": 22,
  },
]
`;

exports[`defaults: [baseline] {
  "a": 1
} 1`] = `
Array [
  Object {
    "x": 1,
    "y": 1,
    "z": 1,
  },
]
`;

exports[`defaults: [baseline] {
  "a": 2
} 1`] = `
Array [
  Object {
    "x": 2,
    "y": 2,
    "z": 2,
  },
]
`;

exports[`defaults: [defaults] {
  "a": 1
} 1`] = `
Array [
  Object {
    "x": 4,
    "y": 4,
    "z": 4,
  },
]
`;

exports[`defaults: [defaults] {
  "a": 2
} 1`] = `
Array [
  Object {
    "x": 8,
    "y": 8,
    "z": 8,
  },
]
`;

exports[`nested defaults: {
  "a": "j.k"
} 1`] = `
Array [
  Object {
    "x": "j.k",
    "y": "j.k",
    "z": "j.k",
  },
]
`;

exports[`nested defaults: {
  "a": "k.l.m"
} 1`] = `
Array [
  Object {
    "x": 0,
    "y": 0,
    "z": 0,
  },
]
`;

exports[`nested defaults: {
  "a": "k.l.n"
} 1`] = `
Array [
  Object {
    "x": "foo",
    "y": "foo",
    "z": "foo",
  },
]
`;

exports[`nested defaults: {
  "a": "k.l.o.1"
} 1`] = `
Array [
  Object {
    "x": 22,
    "y": 22,
    "z": 22,
  },
]
`;

exports[`nested defaults: {
  "a": "k.l.z"
} 1`] = `
Array [
  Object {
    "x": "k.l.z",
    "y": "k.l.z",
    "z": "k.l.z",
  },
]
`;

exports[`nested props: {
  "a": {
    "b": {
      "c": 3
    }
  }
} 1`] = `
Array [
  Object {
    "x": 3,
    "y": 3,
    "z": 3,
  },
]
`;

exports[`nested props: {
  "a": {
    "b": 2
  }
} 1`] = `null`;

exports[`prop aliases: {
  "a": 1,
  "b": 2,
  "c": 3,
  "d": 4
} 1`] = `
Array [
  Object {
    "x": 1,
    "y": 1,
    "z": 1,
  },
]
`;

exports[`prop aliases: {
  "b": 2,
  "c": 3,
  "d": 4
} 1`] = `
Array [
  Object {
    "x": 2,
    "y": 2,
    "z": 2,
  },
]
`;

exports[`prop aliases: {
  "c": 3,
  "d": 4
} 1`] = `
Array [
  Object {
    "x": 3,
    "y": 3,
    "z": 3,
  },
]
`;

exports[`prop aliases: {
  "d": 4
} 1`] = `null`;

exports[`renderers: {
  "a": 0
} 1`] = `
Array [
  Object {
    "xxx": 0,
    "yyy": 0,
    "z": 0,
  },
]
`;

exports[`renderers: {
  "b": 2
} 1`] = `
Array [
  Object {
    "xxx": "20px",
    "yyy": "20px",
    "z": 2,
  },
]
`;

exports[`renderers: {
  "c": -4
} 1`] = `
Array [
  Object {
    "xxx": "-4px",
    "yyy": "-4px",
    "z": -4,
  },
]
`;

exports[`returns style object array: {
  "a": "bar"
} 1`] = `
Array [
  Object {
    "x": "bar",
    "y": "bar",
    "z": "bar",
  },
]
`;

exports[`returns style object array: {
  "a": "foo"
} 1`] = `
Array [
  Object {
    "x": "foo",
    "y": "foo",
    "z": "foo",
  },
]
`;

exports[`styleKeys can be nullified: {
  "a": "baz"
} 1`] = `null`;

exports[`styleKeys can be nullified: {
  "a": "foo"
} 1`] = `
Array [
  Object {
    "one": "foo",
  },
]
`;

exports[`styleKeys can be nullified: {
  "b": "bar"
} 1`] = `
Array [
  Object {
    "two": "bar",
  },
]
`;

exports[`styleKeys default to first propsKeys: {
  "a": "foo"
} 1`] = `
Array [
  Object {
    "a": "foo",
  },
]
`;

exports[`styleKeys default to first propsKeys: {
  "b": "bar"
} 1`] = `
Array [
  Object {
    "a": "bar",
  },
]
`;

exports[`throws an error for invalid propsKeys 1`] = `"propsKeys must be an array containing at least one key"`;

exports[`throws an error for invalid propsKeys 2`] = `"propsKeys must be an array containing at least one key"`;

exports[`transform functions: [addPc] {
  "a": "2em"
} 1`] = `
Array [
  Object {
    "x": "2em",
    "y": "2em",
    "z": "2em",
  },
]
`;

exports[`transform functions: [addPc] {
  "a": 0
} 1`] = `
Array [
  Object {
    "x": 0,
    "y": 0,
    "z": 0,
  },
]
`;

exports[`transform functions: [addPc] {
  "a": 0.5
} 1`] = `
Array [
  Object {
    "x": "50%",
    "y": "50%",
    "z": "50%",
  },
]
`;

exports[`transform functions: [addPc] {
  "a": 100
} 1`] = `
Array [
  Object {
    "x": 100,
    "y": 100,
    "z": 100,
  },
]
`;

exports[`transform functions: [addPx] {
  "a": "2em"
} 1`] = `
Array [
  Object {
    "x": "2em",
    "y": "2em",
    "z": "2em",
  },
]
`;

exports[`transform functions: [addPx] {
  "a": 0
} 1`] = `
Array [
  Object {
    "x": 0,
    "y": 0,
    "z": 0,
  },
]
`;

exports[`transform functions: [addPx] {
  "a": 0.5
} 1`] = `
Array [
  Object {
    "x": "0.5px",
    "y": "0.5px",
    "z": "0.5px",
  },
]
`;

exports[`transform functions: [addPx] {
  "a": 100
} 1`] = `
Array [
  Object {
    "x": "100px",
    "y": "100px",
    "z": "100px",
  },
]
`;

exports[`transform functions: [baseline] {
  "a": "2em"
} 1`] = `
Array [
  Object {
    "x": "2em",
    "y": "2em",
    "z": "2em",
  },
]
`;

exports[`transform functions: [baseline] {
  "a": 0
} 1`] = `
Array [
  Object {
    "x": 0,
    "y": 0,
    "z": 0,
  },
]
`;

exports[`transform functions: [baseline] {
  "a": 0.5
} 1`] = `
Array [
  Object {
    "x": 0.5,
    "y": 0.5,
    "z": 0.5,
  },
]
`;

exports[`transform functions: [baseline] {
  "a": 100
} 1`] = `
Array [
  Object {
    "x": 100,
    "y": 100,
    "z": 100,
  },
]
`;
