// Jest Snapshot v1, https://goo.gl/fbAQLP

exports[`perspective: {
  "perspective": 500
} 1`] = `
Array [
  Object {
    "perspective": 500,
  },
]
`;

exports[`perspective: {
  "ps": 1000
} 1`] = `
Array [
  Object {
    "perspective": 1000,
  },
]
`;

exports[`perspectiveOrigin: {
  "perspectiveOrigin": "center"
} 1`] = `
Array [
  Object {
    "perspectiveOrigin": "center",
  },
]
`;

exports[`perspectiveOrigin: {
  "pso": "100% 50%"
} 1`] = `
Array [
  Object {
    "perspectiveOrigin": "100% 50%",
  },
]
`;

exports[`transform: {
  "tf": "translate(100px, 25%)"
} 1`] = `
Array [
  Object {
    "transform": "translate(100px, 25%)",
  },
]
`;

exports[`transform: {
  "transform": "scale(0.5)"
} 1`] = `
Array [
  Object {
    "transform": "scale(0.5)",
  },
]
`;

exports[`transformOrigin: {
  "tfo": "bottom 50px"
} 1`] = `
Array [
  Object {
    "transformOrigin": "bottom 50px",
  },
]
`;

exports[`transformOrigin: {
  "transformOrigin": "50%"
} 1`] = `
Array [
  Object {
    "transformOrigin": "50%",
  },
]
`;

exports[`transformSet: {
  "perspective": 500,
  "perspectiveOrigin": "center",
  "transform": "scale(0.5)",
  "transformOrigin": "50%"
} 1`] = `
Array [
  Object {
    "perspective": 500,
  },
  Object {
    "perspectiveOrigin": "center",
  },
  Object {
    "transform": "scale(0.5)",
  },
  Object {
    "transformOrigin": "50%",
  },
]
`;

exports[`transformSet: {
  "ps": 1000,
  "pso": "100% 50%",
  "tf": "translate(100px, 25%)",
  "tfo": "bottom 50px"
} 1`] = `
Array [
  Object {
    "perspective": 1000,
  },
  Object {
    "perspectiveOrigin": "100% 50%",
  },
  Object {
    "transform": "translate(100px, 25%)",
  },
  Object {
    "transformOrigin": "bottom 50px",
  },
]
`;
