// Jest Snapshot v1, https://goo.gl/fbAQLP

exports[`renders style object from defaults: {
  "a": "foo"
} 1`] = `
Array [
  Object {
    "background": "foo",
    "color": "foo",
  },
]
`;

exports[`renders style object from defaults: {
  "b": "bar"
} 1`] = `
Array [
  Object {
    "background": "bar",
    "color": "bar",
  },
]
`;

exports[`renders style object from theme: {
  "a": "foo",
  "theme": {
    "testStyles": {
      "foo": {
        "background": "foo",
        "color": "foo"
      },
      "bar": {
        "background": "bar",
        "color": "bar"
      }
    }
  }
} 1`] = `
Array [
  Object {
    "background": "foo",
    "color": "foo",
  },
]
`;

exports[`renders style object from theme: {
  "b": "bar",
  "theme": {
    "testStyles": {
      "foo": {
        "background": "foo",
        "color": "foo"
      },
      "bar": {
        "background": "bar",
        "color": "bar"
      }
    }
  }
} 1`] = `
Array [
  Object {
    "background": "bar",
    "color": "bar",
  },
]
`;

exports[`returns null for unresolved values: {
  "a": "foo"
} 1`] = `null`;

exports[`transforms values through renderers: {
  "a": "foo",
  "theme": {
    "testStyles": {
      "foo": {
        "color": "text",
        "width": 0.5
      },
      "bar": {
        "color": "link",
        "width": 4
      }
    }
  }
} 1`] = `
Array [
  Object {
    "color": "text",
    "width": 0.5,
  },
]
`;

exports[`transforms values through renderers: {
  "b": "bar",
  "theme": {
    "testStyles": {
      "foo": {
        "color": "text",
        "width": 0.5
      },
      "bar": {
        "color": "link",
        "width": 4
      }
    }
  }
} 1`] = `
Array [
  Object {
    "color": "link",
    "width": 4,
  },
]
`;
