// Jest Snapshot v1, https://goo.gl/fbAQLP

exports[`buttonStyle 1`] = `null`;

exports[`buttonStyle 2`] = `null`;

exports[`buttonStyle 3`] = `
Array [
  Object {
    ":disabled": Object {
      "backgroundColor": "coral",
      "color": "ivory",
      "fontWeight": 900,
      "marginLeft": "-16px",
      "marginRight": "-16px",
      "minWidth": "25%",
      "name": "text-style-caps",
      "textTransform": "uppercase",
    },
    ":hover": Object {
      "background": "firestone",
      "backgroundColor": "crimson",
      "borderColor": "#444",
      "color": "#202428",
      "name": "color-style-error",
      "opacity": 0.8,
    },
    "backgroundColor": "coral",
    "borderRadius": "4px",
    "color": "red",
    "name": "color-style-brand",
    "paddingBottom": "16px",
    "paddingLeft": "32px",
    "paddingRight": "32px",
    "paddingTop": "16px",
  },
]
`;

exports[`buttonStyle 4`] = `
Array [
  Object {
    "@media(min-width: 0)": Object {
      "backgroundColor": "#888",
      "color": "#202428",
      "name": "button-style-secondary",
    },
  },
  Object {
    "@media(min-width: 360px)": Object {
      ":disabled": Object {
        "backgroundColor": "coral",
        "color": "ivory",
        "fontWeight": 900,
        "marginLeft": "-16px",
        "marginRight": "-16px",
        "minWidth": "25%",
        "name": "text-style-caps",
        "textTransform": "uppercase",
      },
      ":hover": Object {
        "background": "firestone",
        "backgroundColor": "crimson",
        "borderColor": "#444",
        "color": "#202428",
        "name": "color-style-error",
        "opacity": 0.8,
      },
      "backgroundColor": "coral",
      "borderRadius": "4px",
      "color": "red",
      "name": "color-style-brand",
      "paddingBottom": "16px",
      "paddingLeft": "32px",
      "paddingRight": "32px",
      "paddingTop": "16px",
    },
  },
]
`;

exports[`colorStyle 1`] = `null`;

exports[`colorStyle 2`] = `null`;

exports[`colorStyle 3`] = `
Array [
  Object {
    "backgroundColor": "coral",
    "color": "ivory",
    "name": "color-style-brand",
  },
]
`;

exports[`colorStyle 4`] = `
Array [
  Object {
    "@media(min-width: 360px)": Object {
      "background": "peach",
      "backgroundColor": "crimson",
      "borderColor": "#444",
      "color": "#202428",
      "name": "color-style-error",
    },
  },
  Object {
    "@media(min-width: 1080px)": Object {
      "backgroundColor": "coral",
      "color": "ivory",
      "name": "color-style-brand",
    },
  },
]
`;

exports[`globalStyle 1`] = `null`;

exports[`globalStyle 2`] = `
Array [
  Object {
    "fontFamily": "Roboto",
    "fontSize": "16px",
    "fontWeight": 400,
    "lineHeight": 1.5,
    "name": "text-style-main",
  },
]
`;

exports[`globalStyle 3`] = `
Array [
  Object {
    "a": Object {
      "color": "coral",
      "textDecoration": "none",
    },
    "body": Object {
      "background": "ivory",
      "color": "#202428",
      "margin": 0,
    },
    "button": Object {
      ":disabled": Object {
        "backgroundColor": "coral",
        "color": "ivory",
        "fontWeight": 900,
        "marginLeft": "-16px",
        "marginRight": "-16px",
        "minWidth": "25%",
        "name": "text-style-caps",
        "textTransform": "uppercase",
      },
      ":hover": Object {
        "background": "firestone",
        "backgroundColor": "crimson",
        "borderColor": "#444",
        "color": "#202428",
        "name": "color-style-error",
        "opacity": 0.8,
      },
      "background": "peach",
      "backgroundColor": "crimson",
      "borderColor": "dodgerblue",
      "borderRadius": "4px",
      "color": "#202428",
      "name": "color-style-error",
      "paddingBottom": "16px",
      "paddingLeft": "32px",
      "paddingRight": "32px",
      "paddingTop": "16px",
    },
    "h1": Object {
      "fontSize": "48px",
    },
    "h1,h2,h3": Object {
      "lineHeight": 1.25,
    },
    "h2": Object {
      "fontSize": "32px",
    },
    "h3": Object {
      "fontSize": "24px",
    },
    "html": Object {
      "fontFamily": "Roboto",
      "fontSize": "16px",
      "fontWeight": 400,
      "lineHeight": 1.5,
      "name": "text-style-main",
    },
    "p": Object {
      "margin": 0,
      "marginBottom": "8px",
    },
    "padding": "2px",
    "paddingBottom": "4px",
    "paddingTop": "4px",
    "pre,code": Object {
      "fontFamily": "Roboto Mono",
      "fontSize": "1rem",
      "name": "text-style-code",
      "padding": "0.2em 0.4em",
    },
  },
]
`;

exports[`textStyle 1`] = `null`;

exports[`textStyle 2`] = `null`;

exports[`textStyle 3`] = `
Array [
  Object {
    "fontFamily": "Roboto",
    "fontSize": "16px",
    "fontWeight": 400,
    "lineHeight": 1.5,
    "name": "text-style-main",
  },
]
`;

exports[`textStyle 4`] = `
Array [
  Object {
    "@media(min-width: 0)": Object {
      "fontFamily": "Roboto Mono",
      "fontSize": "12px",
      "name": "text-style-code",
    },
  },
  Object {
    "@media(min-width: 360px)": Object {
      "fontWeight": 700,
      "name": "text-style-caps",
      "textTransform": "uppercase",
    },
  },
]
`;
