// Jest Snapshot v1, https://goo.gl/fbAQLP

exports[`grid: {
  "g": "bar"
} 1`] = `
Array [
  Object {
    "grid": "bar",
  },
]
`;

exports[`grid: {
  "grid": "foo"
} 1`] = `
Array [
  Object {
    "grid": "foo",
  },
]
`;

exports[`gridArea: {
  "ga": "bar"
} 1`] = `
Array [
  Object {
    "gridArea": "bar",
  },
]
`;

exports[`gridArea: {
  "gridArea": "foo"
} 1`] = `
Array [
  Object {
    "gridArea": "foo",
  },
]
`;

exports[`gridAutoColumns: {
  "gac": "bar"
} 1`] = `
Array [
  Object {
    "gridAutoColumns": "bar",
  },
]
`;

exports[`gridAutoColumns: {
  "gridAutoColumns": "foo"
} 1`] = `
Array [
  Object {
    "gridAutoColumns": "foo",
  },
]
`;

exports[`gridAutoFlow: {
  "gaf": "bar"
} 1`] = `
Array [
  Object {
    "gridAutoFlow": "bar",
  },
]
`;

exports[`gridAutoFlow: {
  "gridAutoFlow": "foo"
} 1`] = `
Array [
  Object {
    "gridAutoFlow": "foo",
  },
]
`;

exports[`gridAutoRows: {
  "gar": "bar"
} 1`] = `
Array [
  Object {
    "gridAutoRows": "bar",
  },
]
`;

exports[`gridAutoRows: {
  "gridAutoRows": "foo"
} 1`] = `
Array [
  Object {
    "gridAutoRows": "foo",
  },
]
`;

exports[`gridChildSet: {
  "placeSelf": "a",
  "alignSelf": "b",
  "justifySelf": "c",
  "gridArea": "d",
  "gridRow": "e",
  "gridRowStart": "f",
  "gridRowEnd": "g",
  "gridColumn": "h",
  "gridColumnStart": "i",
  "gridColumnEnd": "j"
} 1`] = `
Array [
  Object {
    "placeSelf": "a",
  },
  Object {
    "alignSelf": "b",
  },
  Object {
    "justifySelf": "c",
  },
  Object {
    "gridArea": "d",
  },
  Object {
    "gridRow": "e",
  },
  Object {
    "gridRowStart": "f",
  },
  Object {
    "gridRowEnd": "g",
  },
  Object {
    "gridColumn": "h",
  },
  Object {
    "gridColumnStart": "i",
  },
  Object {
    "gridColumnEnd": "j",
  },
]
`;

exports[`gridChildSet: {
  "pls": "a",
  "als": "b",
  "jfs": "c",
  "ga": "d",
  "gr": "e",
  "grs": "f",
  "gre": "g",
  "gc": "h",
  "gcs": "i",
  "gce": "j"
} 1`] = `
Array [
  Object {
    "placeSelf": "a",
  },
  Object {
    "alignSelf": "b",
  },
  Object {
    "justifySelf": "c",
  },
  Object {
    "gridArea": "d",
  },
  Object {
    "gridRow": "e",
  },
  Object {
    "gridRowStart": "f",
  },
  Object {
    "gridRowEnd": "g",
  },
  Object {
    "gridColumn": "h",
  },
  Object {
    "gridColumnStart": "i",
  },
  Object {
    "gridColumnEnd": "j",
  },
]
`;

exports[`gridColumn: {
  "gc": "bar"
} 1`] = `
Array [
  Object {
    "gridColumn": "bar",
  },
]
`;

exports[`gridColumn: {
  "gridColumn": "foo"
} 1`] = `
Array [
  Object {
    "gridColumn": "foo",
  },
]
`;

exports[`gridColumnEnd: {
  "gce": "bar"
} 1`] = `
Array [
  Object {
    "gridColumnEnd": "bar",
  },
]
`;

exports[`gridColumnEnd: {
  "gridColumnEnd": "foo"
} 1`] = `
Array [
  Object {
    "gridColumnEnd": "foo",
  },
]
`;

exports[`gridColumnGap: {
  "gcg": "auto"
} 1`] = `
Array [
  Object {
    "gridColumnGap": "auto",
  },
]
`;

exports[`gridColumnGap: {
  "gridColumnGap": "1fr"
} 1`] = `
Array [
  Object {
    "gridColumnGap": "1fr",
  },
]
`;

exports[`gridColumnStart: {
  "gcs": "bar"
} 1`] = `
Array [
  Object {
    "gridColumnStart": "bar",
  },
]
`;

exports[`gridColumnStart: {
  "gridColumnStart": "foo"
} 1`] = `
Array [
  Object {
    "gridColumnStart": "foo",
  },
]
`;

exports[`gridGap: {
  "gg": 10
} 1`] = `
Array [
  Object {
    "gridGap": "10px",
  },
]
`;

exports[`gridGap: {
  "gridGap": 4
} 1`] = `
Array [
  Object {
    "gridGap": "16px",
  },
]
`;

exports[`gridParentSet: {
  "d": "grid",
  "pli": "a",
  "plc": "b",
  "ali": "c",
  "alc": "d",
  "jfi": "e",
  "jfc": "f",
  "g": "g",
  "gt": "h",
  "gtr": "i",
  "gtc": "j",
  "gta": "k",
  "gg": "l",
  "grg": "m",
  "gcg": "n",
  "gar": "o",
  "gac": "p",
  "gaf": "q"
} 1`] = `
Array [
  Object {
    "display": "grid",
  },
  Object {
    "placeItems": "a",
  },
  Object {
    "placeContent": "b",
  },
  Object {
    "alignItems": "c",
  },
  Object {
    "alignContent": "d",
  },
  Object {
    "justifyItems": "e",
  },
  Object {
    "justifyContent": "f",
  },
  Object {
    "grid": "g",
  },
  Object {
    "gridTemplate": "h",
  },
  Object {
    "gridTemplateRows": "i",
  },
  Object {
    "gridTemplateColumns": "j",
  },
  Object {
    "gridTemplateAreas": "k",
  },
  Object {
    "gridGap": "l",
  },
  Object {
    "gridRowGap": "m",
  },
  Object {
    "gridColumnGap": "n",
  },
  Object {
    "gridAutoRows": "o",
  },
  Object {
    "gridAutoColumns": "p",
  },
  Object {
    "gridAutoFlow": "q",
  },
]
`;

exports[`gridParentSet: {
  "display": "grid",
  "placeItems": "a",
  "placeContent": "b",
  "alignItems": "c",
  "alignContent": "d",
  "justifyItems": "e",
  "justifyContent": "f",
  "grid": "g",
  "gridTemplate": "h",
  "gridTemplateRows": "i",
  "gridTemplateColumns": "j",
  "gridTemplateAreas": "k",
  "gridGap": "l",
  "gridRowGap": "m",
  "gridColumnGap": "n",
  "gridAutoRows": "o",
  "gridAutoColumns": "p",
  "gridAutoFlow": "q"
} 1`] = `
Array [
  Object {
    "display": "grid",
  },
  Object {
    "placeItems": "a",
  },
  Object {
    "placeContent": "b",
  },
  Object {
    "alignItems": "c",
  },
  Object {
    "alignContent": "d",
  },
  Object {
    "justifyItems": "e",
  },
  Object {
    "justifyContent": "f",
  },
  Object {
    "grid": "g",
  },
  Object {
    "gridTemplate": "h",
  },
  Object {
    "gridTemplateRows": "i",
  },
  Object {
    "gridTemplateColumns": "j",
  },
  Object {
    "gridTemplateAreas": "k",
  },
  Object {
    "gridGap": "l",
  },
  Object {
    "gridRowGap": "m",
  },
  Object {
    "gridColumnGap": "n",
  },
  Object {
    "gridAutoRows": "o",
  },
  Object {
    "gridAutoColumns": "p",
  },
  Object {
    "gridAutoFlow": "q",
  },
]
`;

exports[`gridRow: {
  "gr": "bar"
} 1`] = `
Array [
  Object {
    "gridRow": "bar",
  },
]
`;

exports[`gridRow: {
  "gridRow": "foo"
} 1`] = `
Array [
  Object {
    "gridRow": "foo",
  },
]
`;

exports[`gridRowEnd: {
  "gre": "bar"
} 1`] = `
Array [
  Object {
    "gridRowEnd": "bar",
  },
]
`;

exports[`gridRowEnd: {
  "gridRowEnd": "foo"
} 1`] = `
Array [
  Object {
    "gridRowEnd": "foo",
  },
]
`;

exports[`gridRowGap: {
  "grg": 0
} 1`] = `
Array [
  Object {
    "gridRowGap": 0,
  },
]
`;

exports[`gridRowGap: {
  "gridRowGap": 8
} 1`] = `
Array [
  Object {
    "gridRowGap": "256px",
  },
]
`;

exports[`gridRowStart: {
  "gridRowStart": "foo"
} 1`] = `
Array [
  Object {
    "gridRowStart": "foo",
  },
]
`;

exports[`gridRowStart: {
  "grs": "bar"
} 1`] = `
Array [
  Object {
    "gridRowStart": "bar",
  },
]
`;

exports[`gridTemplate: {
  "gridTemplate": "foo"
} 1`] = `
Array [
  Object {
    "gridTemplate": "foo",
  },
]
`;

exports[`gridTemplate: {
  "gt": "bar"
} 1`] = `
Array [
  Object {
    "gridTemplate": "bar",
  },
]
`;

exports[`gridTemplateAreas: {
  "gridTemplateAreas": "foo"
} 1`] = `
Array [
  Object {
    "gridTemplateAreas": "foo",
  },
]
`;

exports[`gridTemplateAreas: {
  "gta": "bar"
} 1`] = `
Array [
  Object {
    "gridTemplateAreas": "bar",
  },
]
`;

exports[`gridTemplateColumns: {
  "gridTemplateColumns": "foo"
} 1`] = `
Array [
  Object {
    "gridTemplateColumns": "foo",
  },
]
`;

exports[`gridTemplateColumns: {
  "gtc": "bar"
} 1`] = `
Array [
  Object {
    "gridTemplateColumns": "bar",
  },
]
`;

exports[`gridTemplateRows: {
  "gridTemplateRows": "foo"
} 1`] = `
Array [
  Object {
    "gridTemplateRows": "foo",
  },
]
`;

exports[`gridTemplateRows: {
  "gtr": "bar"
} 1`] = `
Array [
  Object {
    "gridTemplateRows": "bar",
  },
]
`;
