// Jest Snapshot v1, https://goo.gl/fbAQLP

exports[`returns style object 1`] = `
Object {
  "x": "x",
}
`;

exports[`returns style object 2`] = `
Object {
  "x": "xy",
  "y": "xy",
}
`;

exports[`returns style object 3`] = `
Object {
  "x": "xyz",
  "y": "xyz",
  "z": "xyz",
}
`;
