// Jest Snapshot v1, https://goo.gl/fbAQLP

exports[`supports nested theme and fallback: [0] {
  "a": 0,
  "theme": {
    "t": {
      "u": {
        "v": [
          "0V",
          "1V"
        ]
      }
    }
  }
} 1`] = `
Array [
  Object {
    "x": "0V",
    "y": "0V",
    "z": "0V",
  },
]
`;

exports[`supports nested theme and fallback: [1] {
  "a": 1,
  "theme": {
    "t": {
      "u": {
        "v": [
          "0V",
          "1V"
        ]
      }
    }
  }
} 1`] = `
Array [
  Object {
    "x": "1V",
    "y": "1V",
    "z": "1V",
  },
]
`;

exports[`supports nested theme and fallback: [2] {
  "a": 2,
  "theme": {
    "t": {
      "u": {
        "v": [
          "0V",
          "1V"
        ]
      }
    }
  }
} 1`] = `
Array [
  Object {
    "x": "F2",
    "y": "F2",
    "z": "F2",
  },
]
`;

exports[`supports nested theme and fallback: [3] {
  "a": 3,
  "theme": {
    "t": {
      "u": {
        "v": [
          "0V",
          "1V"
        ]
      }
    }
  }
} 1`] = `
Array [
  Object {
    "x": 3,
    "y": 3,
    "z": 3,
  },
]
`;

exports[`supports nested theme: [0] {
  "a": 0,
  "theme": {
    "t": {
      "u": {
        "v": [
          "0V",
          "1V"
        ]
      }
    }
  }
} 1`] = `
Array [
  Object {
    "x": "0V",
    "y": "0V",
    "z": "0V",
  },
]
`;

exports[`supports nested theme: [1] {
  "a": 1,
  "theme": {
    "t": {
      "u": {
        "v": [
          "0V",
          "1V"
        ]
      }
    }
  }
} 1`] = `
Array [
  Object {
    "x": "1V",
    "y": "1V",
    "z": "1V",
  },
]
`;

exports[`supports nested theme: [2] {
  "a": 2,
  "theme": {
    "t": {
      "u": {
        "v": [
          "0V",
          "1V"
        ]
      }
    }
  }
} 1`] = `
Array [
  Object {
    "x": 2,
    "y": 2,
    "z": 2,
  },
]
`;

exports[`supports theme and fallback: [0] {
  "a": 0,
  "theme": {
    "t": [
      "T0"
    ],
    "u": [
      "U0",
      "U1"
    ]
  }
} 1`] = `
Array [
  Object {
    "x": "T0",
    "y": "T0",
    "z": "T0",
  },
]
`;

exports[`supports theme and fallback: [1] {
  "a": 1,
  "theme": {
    "t": [
      "T0"
    ],
    "u": [
      "U0",
      "U1"
    ]
  }
} 1`] = `
Array [
  Object {
    "x": "U1",
    "y": "U1",
    "z": "U1",
  },
]
`;

exports[`supports theme and fallback: [2] {
  "a": 2,
  "theme": {
    "t": [
      "T0"
    ],
    "u": [
      "U0",
      "U1"
    ]
  }
} 1`] = `
Array [
  Object {
    "x": "F2",
    "y": "F2",
    "z": "F2",
  },
]
`;

exports[`supports theme and fallback: [3] {
  "a": 3,
  "theme": {
    "t": [
      "T0"
    ],
    "u": [
      "U0",
      "U1"
    ]
  }
} 1`] = `
Array [
  Object {
    "x": 3,
    "y": 3,
    "z": 3,
  },
]
`;

exports[`supports theme array aliases: [0] {
  "a": 0,
  "theme": {
    "v": [
      {
        "alias": "foo",
        "value": 11
      },
      {
        "alias": "bar",
        "value": 22
      }
    ]
  }
} 1`] = `
Array [
  Object {
    "x": 11,
    "y": 11,
    "z": 11,
  },
]
`;

exports[`supports theme array aliases: [1] {
  "a": 1,
  "theme": {
    "v": [
      {
        "alias": "foo",
        "value": 11
      },
      {
        "alias": "bar",
        "value": 22
      }
    ]
  }
} 1`] = `
Array [
  Object {
    "x": 22,
    "y": 22,
    "z": 22,
  },
]
`;

exports[`supports theme array aliases: [2] {
  "a": 2,
  "theme": {
    "v": [
      {
        "alias": "foo",
        "value": 11
      },
      {
        "alias": "bar",
        "value": 22
      }
    ]
  }
} 1`] = `
Array [
  Object {
    "x": 2,
    "y": 2,
    "z": 2,
  },
]
`;

exports[`supports theme array aliases: [bar] {
  "a": "bar",
  "theme": {
    "v": [
      {
        "alias": "foo",
        "value": 11
      },
      {
        "alias": "bar",
        "value": 22
      }
    ]
  }
} 1`] = `
Array [
  Object {
    "x": 22,
    "y": 22,
    "z": 22,
  },
]
`;

exports[`supports theme array aliases: [baz] {
  "a": "baz",
  "theme": {
    "v": [
      {
        "alias": "foo",
        "value": 11
      },
      {
        "alias": "bar",
        "value": 22
      }
    ]
  }
} 1`] = `
Array [
  Object {
    "x": "baz",
    "y": "baz",
    "z": "baz",
  },
]
`;

exports[`supports theme array aliases: [foo] {
  "a": "foo",
  "theme": {
    "v": [
      {
        "alias": "foo",
        "value": 11
      },
      {
        "alias": "bar",
        "value": 22
      }
    ]
  }
} 1`] = `
Array [
  Object {
    "x": 11,
    "y": 11,
    "z": 11,
  },
]
`;

exports[`supports theme: [0] {
  "a": 0,
  "theme": {
    "t": [
      "T0"
    ],
    "u": [
      "U0",
      "U1"
    ]
  }
} 1`] = `
Array [
  Object {
    "x": "T0",
    "y": "T0",
    "z": "T0",
  },
]
`;

exports[`supports theme: [1] {
  "a": 1,
  "theme": {
    "t": [
      "T0"
    ],
    "u": [
      "U0",
      "U1"
    ]
  }
} 1`] = `
Array [
  Object {
    "x": "U1",
    "y": "U1",
    "z": "U1",
  },
]
`;

exports[`supports theme: [2] {
  "a": 2,
  "theme": {
    "t": [
      "T0"
    ],
    "u": [
      "U0",
      "U1"
    ]
  }
} 1`] = `
Array [
  Object {
    "x": 2,
    "y": 2,
    "z": 2,
  },
]
`;
